Component: ARM Compiler 5.05 update 1 (build 106) Tool: armlink [4d0efa]

==============================================================================

Section Cross References

    main.o(i.LED1_Task) refers to stm32f0xx_gpio.o(i.GPIO_SetBits) for GPIO_SetBits
    main.o(i.LED1_Task) refers to stm32f0xx_gpio.o(i.GPIO_ResetBits) for GPIO_ResetBits
    main.o(i.LED1_Task) refers to rt_time.o(i.rt_dly_wait) for rt_dly_wait
    main.o(i.LED2_Task) refers to stm32f0xx_gpio.o(i.GPIO_SetBits) for GPIO_SetBits
    main.o(i.LED2_Task) refers to stm32f0xx_gpio.o(i.GPIO_ResetBits) for GPIO_ResetBits
    main.o(i.LED2_Task) refers to rt_time.o(i.rt_dly_wait) for rt_dly_wait
    main.o(i.LED_Configuration) refers to stm32f0xx_rcc.o(i.RCC_AHBPeriphClockCmd) for RCC_AHBPeriphClockCmd
    main.o(i.LED_Configuration) refers to stm32f0xx_gpio.o(i.GPIO_Init) for GPIO_Init
    main.o(i.LED_Configuration) refers to stm32f0xx_gpio.o(i.GPIO_ResetBits) for GPIO_ResetBits
    main.o(i.init) refers to main.o(i.LED_Configuration) for LED_Configuration
    main.o(i.init) refers to main.o(i.LED1_Task) for LED1_Task
    main.o(i.init) refers to rt_task.o(i.rt_tsk_create) for rt_tsk_create
    main.o(i.init) refers to main.o(.data) for .data
    main.o(i.init) refers to main.o(i.LED2_Task) for LED2_Task
    main.o(i.init) refers to rt_task.o(i.rt_tsk_delete) for rt_tsk_delete
    main.o(i.main) refers to hal_cm1.o(.emb_text) for os_set_env
    main.o(i.main) refers to main.o(i.init) for init
    main.o(i.main) refers to rt_task.o(i.rt_sys_init) for rt_sys_init
    stm32f0xx_rcc.o(i.RCC_GetClocksFreq) refers to uidiv.o(.text) for __aeabi_uidivmod
    stm32f0xx_rcc.o(i.RCC_GetClocksFreq) refers to stm32f0xx_rcc.o(.data) for .data
    stm32f0xx_rcc.o(i.RCC_WaitForHSEStartUp) refers to stm32f0xx_rcc.o(i.RCC_GetFlagStatus) for RCC_GetFlagStatus
    stm32f0xx_gpio.o(i.GPIO_DeInit) refers to stm32f0xx_rcc.o(i.RCC_AHBPeriphResetCmd) for RCC_AHBPeriphResetCmd
    startup_stm32f0xx.o(RESET) refers to startup_stm32f0xx.o(STACK) for __initial_sp
    startup_stm32f0xx.o(RESET) refers to startup_stm32f0xx.o(.text) for Reset_Handler
    startup_stm32f0xx.o(RESET) refers to stm32f0xx_it.o(i.NMI_Handler) for NMI_Handler
    startup_stm32f0xx.o(RESET) refers to stm32f0xx_it.o(i.HardFault_Handler) for HardFault_Handler
    startup_stm32f0xx.o(RESET) refers to hal_cm1.o(.emb_text) for SVC_Handler
    startup_stm32f0xx.o(.text) refers to system_stm32f0xx.o(i.SystemInit) for SystemInit
    startup_stm32f0xx.o(.text) refers to entry.o(.ARM.Collect$$$$00000000) for __main
    system_stm32f0xx.o(i.SystemCoreClockUpdate) refers to uidiv.o(.text) for __aeabi_uidivmod
    system_stm32f0xx.o(i.SystemCoreClockUpdate) refers to system_stm32f0xx.o(.data) for .data
    system_stm32f0xx.o(i.SystemInit) refers to system_stm32f0xx.o(i.SetSysClock) for SetSysClock
    rt_task.o(i.rt_block) refers to rt_list.o(i.rt_put_dly) for rt_put_dly
    rt_task.o(i.rt_block) refers to rt_list.o(i.rt_get_first) for rt_get_first
    rt_task.o(i.rt_block) refers to rt_task.o(i.rt_switch_req) for rt_switch_req
    rt_task.o(i.rt_block) refers to rt_task.o(.data) for .data
    rt_task.o(i.rt_block) refers to rt_list.o(.bss) for os_rdy
    rt_task.o(i.rt_dispatch) refers to rt_list.o(i.rt_put_rdy_first) for rt_put_rdy_first
    rt_task.o(i.rt_dispatch) refers to rt_task.o(i.rt_switch_req) for rt_switch_req
    rt_task.o(i.rt_dispatch) refers to rt_list.o(i.rt_get_first) for rt_get_first
    rt_task.o(i.rt_dispatch) refers to rt_list.o(i.rt_put_prio) for rt_put_prio
    rt_task.o(i.rt_dispatch) refers to rt_task.o(.data) for .data
    rt_task.o(i.rt_dispatch) refers to rt_list.o(.bss) for os_rdy
    rt_task.o(i.rt_init_context) refers to rt_membox.o(i.rt_alloc_box) for rt_alloc_box
    rt_task.o(i.rt_init_context) refers to hal_cm1.o(i.rt_init_stack) for rt_init_stack
    rt_task.o(i.rt_init_context) refers to rtx_conf_cm.o(.bss) for mp_stk
    rt_task.o(i.rt_switch_req) refers to rt_task.o(.data) for .data
    rt_task.o(i.rt_sys_init) refers to rt_membox.o(i._init_box) for _init_box
    rt_task.o(i.rt_sys_init) refers to rt_task.o(i.rt_init_context) for rt_init_context
    rt_task.o(i.rt_sys_init) refers to hal_cm1.o(.emb_text) for rt_set_PSP
    rt_task.o(i.rt_sys_init) refers to rt_robin.o(i.rt_init_robin) for rt_init_robin
    rt_task.o(i.rt_sys_init) refers to rt_system.o(i.os_tick_init) for os_tick_init
    rt_task.o(i.rt_sys_init) refers to rt_task.o(i.rt_tsk_create) for rt_tsk_create
    rt_task.o(i.rt_sys_init) refers to rtx_conf_cm.o(.bss) for os_active_TCB
    rt_task.o(i.rt_sys_init) refers to rtx_conf_cm.o(.constdata) for os_maxtaskrun
    rt_task.o(i.rt_sys_init) refers to rtx_conf_cm.o(.constdata) for mp_tcb_size
    rt_task.o(i.rt_sys_init) refers to rtx_conf_cm.o(.bss) for mp_tcb
    rt_task.o(i.rt_sys_init) refers to rtx_conf_cm.o(.constdata) for os_stackinfo
    rt_task.o(i.rt_sys_init) refers to rtx_conf_cm.o(.constdata) for mp_stk_size
    rt_task.o(i.rt_sys_init) refers to rtx_conf_cm.o(.bss) for mp_stk
    rt_task.o(i.rt_sys_init) refers to rtx_conf_cm.o(.constdata) for mp_tmr_size
    rt_task.o(i.rt_sys_init) refers to rtx_conf_cm.o(.data) for m_tmr
    rt_task.o(i.rt_sys_init) refers to rt_task.o(.bss) for .bss
    rt_task.o(i.rt_sys_init) refers to rtx_conf_cm.o(i.os_idle_demon) for os_idle_demon
    rt_task.o(i.rt_sys_init) refers to rt_list.o(.bss) for os_rdy
    rt_task.o(i.rt_sys_init) refers to rt_task.o(.data) for .data
    rt_task.o(i.rt_sys_init) refers to rtx_conf_cm.o(.bss) for os_fifo
    rt_task.o(i.rt_sys_init) refers to rtx_conf_cm.o(.constdata) for os_fifo_size
    rt_task.o(i.rt_sys_init) refers to rt_system.o(.data) for os_tick_irqn
    rt_task.o(i.rt_tsk_create) refers to rt_membox.o(i.rt_alloc_box) for rt_alloc_box
    rt_task.o(i.rt_tsk_create) refers to rt_task.o(i.rt_init_context) for rt_init_context
    rt_task.o(i.rt_tsk_create) refers to rt_task.o(i.rt_dispatch) for rt_dispatch
    rt_task.o(i.rt_tsk_create) refers to rtx_conf_cm.o(.bss) for mp_tcb
    rt_task.o(i.rt_tsk_create) refers to rtx_conf_cm.o(.bss) for os_active_TCB
    rt_task.o(i.rt_tsk_create) refers to rtx_conf_cm.o(.constdata) for os_maxtaskrun
    rt_task.o(i.rt_tsk_create) refers to rt_task.o(.data) for .data
    rt_task.o(i.rt_tsk_delete) refers to hal_cm1.o(.emb_text) for rt_get_PSP
    rt_task.o(i.rt_tsk_delete) refers to rt_system.o(i.rt_stk_check) for rt_stk_check
    rt_task.o(i.rt_tsk_delete) refers to rt_list.o(i.rt_get_first) for rt_get_first
    rt_task.o(i.rt_tsk_delete) refers to rt_list.o(i.rt_rmv_dly) for rt_rmv_dly
    rt_task.o(i.rt_tsk_delete) refers to rt_list.o(i.rt_put_prio) for rt_put_prio
    rt_task.o(i.rt_tsk_delete) refers to rt_membox.o(i.rt_free_box) for rt_free_box
    rt_task.o(i.rt_tsk_delete) refers to rt_list.o(i.rt_rmv_list) for rt_rmv_list
    rt_task.o(i.rt_tsk_delete) refers to rt_task.o(i.rt_dispatch) for rt_dispatch
    rt_task.o(i.rt_tsk_delete) refers to rt_task.o(.data) for .data
    rt_task.o(i.rt_tsk_delete) refers to rt_list.o(.bss) for os_rdy
    rt_task.o(i.rt_tsk_delete) refers to rtx_conf_cm.o(.bss) for os_active_TCB
    rt_task.o(i.rt_tsk_delete) refers to rtx_conf_cm.o(.bss) for mp_stk
    rt_task.o(i.rt_tsk_delete) refers to rtx_conf_cm.o(.bss) for mp_tcb
    rt_task.o(i.rt_tsk_delete) refers to rtx_conf_cm.o(.constdata) for os_maxtaskrun
    rt_task.o(i.rt_tsk_pass) refers to rt_list.o(i.rt_get_same_rdy_prio) for rt_get_same_rdy_prio
    rt_task.o(i.rt_tsk_pass) refers to rt_list.o(i.rt_put_prio) for rt_put_prio
    rt_task.o(i.rt_tsk_pass) refers to rt_task.o(i.rt_switch_req) for rt_switch_req
    rt_task.o(i.rt_tsk_pass) refers to rt_task.o(.data) for .data
    rt_task.o(i.rt_tsk_pass) refers to rt_list.o(.bss) for os_rdy
    rt_task.o(i.rt_tsk_prio) refers to rt_list.o(i.rt_put_prio) for rt_put_prio
    rt_task.o(i.rt_tsk_prio) refers to rt_list.o(i.rt_resort_prio) for rt_resort_prio
    rt_task.o(i.rt_tsk_prio) refers to rt_list.o(i.rt_get_first) for rt_get_first
    rt_task.o(i.rt_tsk_prio) refers to rt_task.o(i.rt_dispatch) for rt_dispatch
    rt_task.o(i.rt_tsk_prio) refers to rt_task.o(.data) for .data
    rt_task.o(i.rt_tsk_prio) refers to rtx_conf_cm.o(.constdata) for os_maxtaskrun
    rt_task.o(i.rt_tsk_prio) refers to rtx_conf_cm.o(.bss) for os_active_TCB
    rt_task.o(i.rt_tsk_prio) refers to rt_list.o(.bss) for os_rdy
    rt_task.o(i.rt_tsk_self) refers to rt_task.o(.data) for .data
    rt_time.o(i.rt_dly_wait) refers to rt_task.o(i.rt_block) for rt_block
    rt_time.o(i.rt_itv_set) refers to rt_task.o(.data) for os_tsk
    rt_time.o(i.rt_itv_set) refers to rt_time.o(.data) for .data
    rt_time.o(i.rt_itv_wait) refers to rt_task.o(i.rt_block) for rt_block
    rt_time.o(i.rt_itv_wait) refers to rt_task.o(.data) for os_tsk
    rt_time.o(i.rt_itv_wait) refers to rt_time.o(.data) for .data
    rt_time.o(i.rt_time_get) refers to rt_time.o(.data) for .data
    hal_cm1.o(.emb_text) refers to rtx_conf_cm.o(.constdata) for os_flags
    hal_cm1.o(.emb_text) refers to rt_membox.o(i.rt_alloc_box) for rt_alloc_box
    hal_cm1.o(.emb_text) refers to rt_membox.o(i.rt_free_box) for rt_free_box
    hal_cm1.o(.emb_text) refers to rt_system.o(i.rt_stk_check) for rt_stk_check
    hal_cm1.o(.emb_text) refers to rt_task.o(.data) for os_tsk
    hal_cm1.o(.emb_text) refers to svc_table.o(SVC_TABLE) for SVC_Count
    hal_cm1.o(.emb_text) refers to rt_system.o(i.rt_pop_req) for rt_pop_req
    hal_cm1.o(.emb_text) refers to rt_system.o(i.rt_systick) for rt_systick
    hal_cm1.o(.emb_text) refers to rt_system.o(i.os_tick_irqack) for os_tick_irqack
    hal_cm1.o(i.rt_init_stack) refers to rtx_conf_cm.o(.constdata) for os_stackinfo
    rt_system.o(i.os_tick_init) refers to rtx_conf_cm.o(.constdata) for os_trv
    rt_system.o(i.rt_pop_req) refers to rt_list.o(i.rt_put_rdy_first) for rt_put_rdy_first
    rt_system.o(i.rt_pop_req) refers to rt_semaphore.o(i.rt_sem_psh) for rt_sem_psh
    rt_system.o(i.rt_pop_req) refers to rt_list.o(i.rt_get_first) for rt_get_first
    rt_system.o(i.rt_pop_req) refers to rt_task.o(i.rt_switch_req) for rt_switch_req
    rt_system.o(i.rt_pop_req) refers to rt_event.o(i.rt_evt_psh) for rt_evt_psh
    rt_system.o(i.rt_pop_req) refers to rt_mailbox.o(i.rt_mbx_psh) for rt_mbx_psh
    rt_system.o(i.rt_pop_req) refers to rt_task.o(.data) for os_tsk
    rt_system.o(i.rt_pop_req) refers to rtx_conf_cm.o(.bss) for os_fifo
    rt_system.o(i.rt_pop_req) refers to rt_list.o(.bss) for os_rdy
    rt_system.o(i.rt_psh_req) refers to rt_system.o(.data) for .data
    rt_system.o(i.rt_resume) refers to rt_list.o(i.rt_put_rdy_first) for rt_put_rdy_first
    rt_system.o(i.rt_resume) refers to rt_list.o(i.rt_dec_dly) for rt_dec_dly
    rt_system.o(i.rt_resume) refers to rt_timer.o(i.rt_tmr_tick) for rt_tmr_tick
    rt_system.o(i.rt_resume) refers to rt_list.o(i.rt_get_first) for rt_get_first
    rt_system.o(i.rt_resume) refers to rt_task.o(i.rt_switch_req) for rt_switch_req
    rt_system.o(i.rt_resume) refers to rt_system.o(i.rt_tsk_unlock) for rt_tsk_unlock
    rt_system.o(i.rt_resume) refers to rt_task.o(.data) for os_tsk
    rt_system.o(i.rt_resume) refers to rt_robin.o(.data) for os_robin
    rt_system.o(i.rt_resume) refers to rt_list.o(.bss) for os_dly
    rt_system.o(i.rt_resume) refers to rt_time.o(.data) for os_time
    rt_system.o(i.rt_resume) refers to rt_timer.o(.data) for os_tmr
    rt_system.o(i.rt_stk_check) refers to rtx_conf_cm.o(i.os_error) for os_error
    rt_system.o(i.rt_stk_check) refers to rt_task.o(.data) for os_tsk
    rt_system.o(i.rt_suspend) refers to rt_system.o(i.rt_tsk_lock) for rt_tsk_lock
    rt_system.o(i.rt_suspend) refers to rt_list.o(.bss) for os_dly
    rt_system.o(i.rt_suspend) refers to rt_timer.o(.data) for os_tmr
    rt_system.o(i.rt_systick) refers to rt_list.o(i.rt_put_rdy_first) for rt_put_rdy_first
    rt_system.o(i.rt_systick) refers to rt_robin.o(i.rt_chk_robin) for rt_chk_robin
    rt_system.o(i.rt_systick) refers to rt_list.o(i.rt_dec_dly) for rt_dec_dly
    rt_system.o(i.rt_systick) refers to rt_timer.o(i.rt_tmr_tick) for rt_tmr_tick
    rt_system.o(i.rt_systick) refers to rt_list.o(i.rt_get_first) for rt_get_first
    rt_system.o(i.rt_systick) refers to rt_task.o(i.rt_switch_req) for rt_switch_req
    rt_system.o(i.rt_systick) refers to rt_task.o(.data) for os_tsk
    rt_system.o(i.rt_systick) refers to rt_time.o(.data) for os_time
    rt_system.o(i.rt_systick) refers to rt_list.o(.bss) for os_rdy
    rt_system.o(i.rt_tsk_lock) refers to rt_system.o(.data) for .data
    rt_system.o(i.rt_tsk_unlock) refers to rt_system.o(.data) for .data
    rt_list.o(i.rt_dec_dly) refers to rt_list.o(i.rt_put_prio) for rt_put_prio
    rt_list.o(i.rt_dec_dly) refers to rt_list.o(.bss) for .bss
    rt_list.o(i.rt_dec_dly) refers to rt_time.o(.data) for os_time
    rt_list.o(i.rt_get_same_rdy_prio) refers to rt_list.o(.bss) for .bss
    rt_list.o(i.rt_get_same_rdy_prio) refers to rt_task.o(.data) for os_tsk
    rt_list.o(i.rt_psq_enq) refers to rtx_conf_cm.o(i.os_error) for os_error
    rt_list.o(i.rt_psq_enq) refers to rtx_conf_cm.o(.bss) for os_fifo
    rt_list.o(i.rt_put_dly) refers to rt_list.o(.bss) for .bss
    rt_list.o(i.rt_put_rdy_first) refers to rt_list.o(.bss) for .bss
    rt_list.o(i.rt_resort_prio) refers to rt_list.o(i.rt_rmv_list) for rt_rmv_list
    rt_list.o(i.rt_resort_prio) refers to rt_list.o(i.rt_put_prio) for rt_put_prio
    rt_list.o(i.rt_resort_prio) refers to rt_list.o(.bss) for .bss
    rt_list.o(i.rt_rmv_list) refers to rt_list.o(.bss) for .bss
    rt_robin.o(i.rt_chk_robin) refers to rt_list.o(i.rt_get_first) for rt_get_first
    rt_robin.o(i.rt_chk_robin) refers to rt_list.o(i.rt_put_prio) for rt_put_prio
    rt_robin.o(i.rt_chk_robin) refers to rt_robin.o(.data) for .data
    rt_robin.o(i.rt_chk_robin) refers to rt_list.o(.bss) for os_rdy
    rt_robin.o(i.rt_chk_robin) refers to rt_time.o(.data) for os_time
    rt_robin.o(i.rt_init_robin) refers to rt_robin.o(.data) for .data
    rt_robin.o(i.rt_init_robin) refers to rtx_conf_cm.o(.constdata) for os_rrobin
    rt_membox.o(i._calloc_box) refers to hal_cm1.o(.emb_text) for _alloc_box
    rt_event.o(i.isr_evt_set) refers to rt_list.o(i.rt_psq_enq) for rt_psq_enq
    rt_event.o(i.isr_evt_set) refers to rt_system.o(i.rt_psh_req) for rt_psh_req
    rt_event.o(i.isr_evt_set) refers to rtx_conf_cm.o(.bss) for os_active_TCB
    rt_event.o(i.rt_evt_clr) refers to rtx_conf_cm.o(.bss) for os_active_TCB
    rt_event.o(i.rt_evt_get) refers to rt_task.o(.data) for os_tsk
    rt_event.o(i.rt_evt_psh) refers to rt_list.o(i.rt_rmv_dly) for rt_rmv_dly
    rt_event.o(i.rt_evt_psh) refers to rt_list.o(i.rt_put_prio) for rt_put_prio
    rt_event.o(i.rt_evt_psh) refers to rt_list.o(.bss) for os_rdy
    rt_event.o(i.rt_evt_set) refers to rt_list.o(i.rt_rmv_dly) for rt_rmv_dly
    rt_event.o(i.rt_evt_set) refers to rt_task.o(i.rt_dispatch) for rt_dispatch
    rt_event.o(i.rt_evt_set) refers to rtx_conf_cm.o(.bss) for os_active_TCB
    rt_event.o(i.rt_evt_wait) refers to rt_task.o(i.rt_block) for rt_block
    rt_event.o(i.rt_evt_wait) refers to rt_task.o(.data) for os_tsk
    rt_mailbox.o(i.isr_mbx_receive) refers to rt_list.o(i.rt_psq_enq) for rt_psq_enq
    rt_mailbox.o(i.isr_mbx_receive) refers to rt_system.o(i.rt_psh_req) for rt_psh_req
    rt_mailbox.o(i.isr_mbx_send) refers to rt_list.o(i.rt_psq_enq) for rt_psq_enq
    rt_mailbox.o(i.isr_mbx_send) refers to rt_system.o(i.rt_psh_req) for rt_psh_req
    rt_mailbox.o(i.rt_mbx_psh) refers to rt_list.o(i.rt_get_first) for rt_get_first
    rt_mailbox.o(i.rt_mbx_psh) refers to rt_list.o(i.rt_rmv_dly) for rt_rmv_dly
    rt_mailbox.o(i.rt_mbx_psh) refers to rt_list.o(i.rt_put_prio) for rt_put_prio
    rt_mailbox.o(i.rt_mbx_psh) refers to rtx_conf_cm.o(i.os_error) for os_error
    rt_mailbox.o(i.rt_mbx_psh) refers to rt_list.o(.bss) for os_rdy
    rt_mailbox.o(i.rt_mbx_send) refers to rt_list.o(i.rt_put_prio) for rt_put_prio
    rt_mailbox.o(i.rt_mbx_send) refers to rt_list.o(i.rt_get_first) for rt_get_first
    rt_mailbox.o(i.rt_mbx_send) refers to rt_list.o(i.rt_rmv_dly) for rt_rmv_dly
    rt_mailbox.o(i.rt_mbx_send) refers to rt_task.o(i.rt_dispatch) for rt_dispatch
    rt_mailbox.o(i.rt_mbx_send) refers to rt_task.o(i.rt_block) for rt_block
    rt_mailbox.o(i.rt_mbx_send) refers to rt_task.o(.data) for os_tsk
    rt_mailbox.o(i.rt_mbx_wait) refers to rt_list.o(i.rt_get_first) for rt_get_first
    rt_mailbox.o(i.rt_mbx_wait) refers to rt_list.o(i.rt_rmv_dly) for rt_rmv_dly
    rt_mailbox.o(i.rt_mbx_wait) refers to rt_task.o(i.rt_dispatch) for rt_dispatch
    rt_mailbox.o(i.rt_mbx_wait) refers to rt_list.o(i.rt_put_prio) for rt_put_prio
    rt_mailbox.o(i.rt_mbx_wait) refers to rt_task.o(i.rt_block) for rt_block
    rt_mailbox.o(i.rt_mbx_wait) refers to rt_task.o(.data) for os_tsk
    rt_semaphore.o(i.isr_sem_send) refers to rt_list.o(i.rt_psq_enq) for rt_psq_enq
    rt_semaphore.o(i.isr_sem_send) refers to rt_system.o(i.rt_psh_req) for rt_psh_req
    rt_semaphore.o(i.rt_sem_psh) refers to rt_list.o(i.rt_get_first) for rt_get_first
    rt_semaphore.o(i.rt_sem_psh) refers to rt_list.o(i.rt_rmv_dly) for rt_rmv_dly
    rt_semaphore.o(i.rt_sem_psh) refers to rt_list.o(i.rt_put_prio) for rt_put_prio
    rt_semaphore.o(i.rt_sem_psh) refers to rt_list.o(.bss) for os_rdy
    rt_semaphore.o(i.rt_sem_send) refers to rt_list.o(i.rt_get_first) for rt_get_first
    rt_semaphore.o(i.rt_sem_send) refers to rt_list.o(i.rt_rmv_dly) for rt_rmv_dly
    rt_semaphore.o(i.rt_sem_send) refers to rt_task.o(i.rt_dispatch) for rt_dispatch
    rt_semaphore.o(i.rt_sem_send) refers to rt_task.o(.data) for os_tsk
    rt_semaphore.o(i.rt_sem_wait) refers to rt_list.o(i.rt_put_prio) for rt_put_prio
    rt_semaphore.o(i.rt_sem_wait) refers to rt_task.o(i.rt_block) for rt_block
    rt_semaphore.o(i.rt_sem_wait) refers to rt_task.o(.data) for os_tsk
    rt_timer.o(i.rt_tmr_create) refers to rt_membox.o(i.rt_alloc_box) for rt_alloc_box
    rt_timer.o(i.rt_tmr_create) refers to rtx_conf_cm.o(.data) for m_tmr
    rt_timer.o(i.rt_tmr_create) refers to rt_timer.o(.data) for .data
    rt_timer.o(i.rt_tmr_kill) refers to rt_membox.o(i.rt_free_box) for rt_free_box
    rt_timer.o(i.rt_tmr_kill) refers to rt_timer.o(.data) for .data
    rt_timer.o(i.rt_tmr_kill) refers to rtx_conf_cm.o(.data) for m_tmr
    rt_timer.o(i.rt_tmr_tick) refers to rtx_conf_cm.o(i.os_tmr_call) for os_tmr_call
    rt_timer.o(i.rt_tmr_tick) refers to rt_membox.o(i.rt_free_box) for rt_free_box
    rt_timer.o(i.rt_tmr_tick) refers to rt_timer.o(.data) for .data
    rt_timer.o(i.rt_tmr_tick) refers to rtx_conf_cm.o(.data) for m_tmr
    entry.o(.ARM.Collect$$$$00000000) refers (Special) to entry10a.o(.ARM.Collect$$$$0000000D) for __rt_final_cpp
    entry.o(.ARM.Collect$$$$00000000) refers (Special) to entry11a.o(.ARM.Collect$$$$0000000F) for __rt_final_exit
    entry.o(.ARM.Collect$$$$00000000) refers (Special) to entry7b.o(.ARM.Collect$$$$00000008) for _main_clock
    entry.o(.ARM.Collect$$$$00000000) refers (Special) to entry8b.o(.ARM.Collect$$$$0000000A) for _main_cpp_init
    entry.o(.ARM.Collect$$$$00000000) refers (Special) to entry9a.o(.ARM.Collect$$$$0000000B) for _main_init
    entry.o(.ARM.Collect$$$$00000000) refers (Special) to entry5.o(.ARM.Collect$$$$00000004) for _main_scatterload
    entry.o(.ARM.Collect$$$$00000000) refers (Special) to entry2.o(.ARM.Collect$$$$00000001) for _main_stk
    entry2.o(.ARM.Collect$$$$00000001) refers to entry2.o(.ARM.Collect$$$$00002712) for __lit__00000000
    entry2.o(.ARM.Collect$$$$00002712) refers to startup_stm32f0xx.o(STACK) for __initial_sp
    entry2.o(__vectab_stack_and_reset_area) refers to startup_stm32f0xx.o(STACK) for __initial_sp
    entry2.o(__vectab_stack_and_reset_area) refers to entry.o(.ARM.Collect$$$$00000000) for __main
    entry5.o(.ARM.Collect$$$$00000004) refers to init.o(.text) for __scatterload
    entry9a.o(.ARM.Collect$$$$0000000B) refers to main.o(i.main) for main
    entry9b.o(.ARM.Collect$$$$0000000C) refers to main.o(i.main) for main
    init.o(.text) refers to entry5.o(.ARM.Collect$$$$00000004) for __main_after_scatterload


==============================================================================

Removing Unused input sections from the image.

    Removing main.o(.emb_text), (8 bytes).
    Removing stm32f0xx_it.o(.emb_text), (8 bytes).
    Removing stm32f0xx_rcc.o(.emb_text), (8 bytes).
    Removing stm32f0xx_rcc.o(i.RCC_ADCCLKConfig), (44 bytes).
    Removing stm32f0xx_rcc.o(i.RCC_AHBPeriphResetCmd), (24 bytes).
    Removing stm32f0xx_rcc.o(i.RCC_APB1PeriphClockCmd), (24 bytes).
    Removing stm32f0xx_rcc.o(i.RCC_APB1PeriphResetCmd), (24 bytes).
    Removing stm32f0xx_rcc.o(i.RCC_APB2PeriphClockCmd), (24 bytes).
    Removing stm32f0xx_rcc.o(i.RCC_APB2PeriphResetCmd), (24 bytes).
    Removing stm32f0xx_rcc.o(i.RCC_AdjustHSI14CalibrationValue), (20 bytes).
    Removing stm32f0xx_rcc.o(i.RCC_AdjustHSICalibrationValue), (20 bytes).
    Removing stm32f0xx_rcc.o(i.RCC_BackupResetCmd), (28 bytes).
    Removing stm32f0xx_rcc.o(i.RCC_CECCLKConfig), (24 bytes).
    Removing stm32f0xx_rcc.o(i.RCC_ClearFlag), (20 bytes).
    Removing stm32f0xx_rcc.o(i.RCC_ClearITPendingBit), (12 bytes).
    Removing stm32f0xx_rcc.o(i.RCC_ClockSecuritySystemCmd), (28 bytes).
    Removing stm32f0xx_rcc.o(i.RCC_DeInit), (92 bytes).
    Removing stm32f0xx_rcc.o(i.RCC_GetClocksFreq), (232 bytes).
    Removing stm32f0xx_rcc.o(i.RCC_GetFlagStatus), (52 bytes).
    Removing stm32f0xx_rcc.o(i.RCC_GetITStatus), (20 bytes).
    Removing stm32f0xx_rcc.o(i.RCC_GetSYSCLKSource), (16 bytes).
    Removing stm32f0xx_rcc.o(i.RCC_HCLKConfig), (20 bytes).
    Removing stm32f0xx_rcc.o(i.RCC_HSEConfig), (16 bytes).
    Removing stm32f0xx_rcc.o(i.RCC_HSI14ADCRequestCmd), (24 bytes).
    Removing stm32f0xx_rcc.o(i.RCC_HSI14Cmd), (28 bytes).
    Removing stm32f0xx_rcc.o(i.RCC_HSICmd), (28 bytes).
    Removing stm32f0xx_rcc.o(i.RCC_I2CCLKConfig), (24 bytes).
    Removing stm32f0xx_rcc.o(i.RCC_ITConfig), (24 bytes).
    Removing stm32f0xx_rcc.o(i.RCC_LSEConfig), (32 bytes).
    Removing stm32f0xx_rcc.o(i.RCC_LSEDriveConfig), (24 bytes).
    Removing stm32f0xx_rcc.o(i.RCC_LSICmd), (28 bytes).
    Removing stm32f0xx_rcc.o(i.RCC_MCOConfig), (12 bytes).
    Removing stm32f0xx_rcc.o(i.RCC_PCLKConfig), (20 bytes).
    Removing stm32f0xx_rcc.o(i.RCC_PLLCmd), (28 bytes).
    Removing stm32f0xx_rcc.o(i.RCC_PLLConfig), (28 bytes).
    Removing stm32f0xx_rcc.o(i.RCC_PREDIV1Config), (20 bytes).
    Removing stm32f0xx_rcc.o(i.RCC_RTCCLKCmd), (28 bytes).
    Removing stm32f0xx_rcc.o(i.RCC_RTCCLKConfig), (16 bytes).
    Removing stm32f0xx_rcc.o(i.RCC_SYSCLKConfig), (20 bytes).
    Removing stm32f0xx_rcc.o(i.RCC_USARTCLKConfig), (24 bytes).
    Removing stm32f0xx_rcc.o(i.RCC_WaitForHSEStartUp), (44 bytes).
    Removing stm32f0xx_rcc.o(.data), (16 bytes).
    Removing stm32f0xx_gpio.o(.emb_text), (8 bytes).
    Removing stm32f0xx_gpio.o(i.GPIO_DeInit), (96 bytes).
    Removing stm32f0xx_gpio.o(i.GPIO_PinAFConfig), (32 bytes).
    Removing stm32f0xx_gpio.o(i.GPIO_PinLockConfig), (26 bytes).
    Removing stm32f0xx_gpio.o(i.GPIO_ReadInputData), (4 bytes).
    Removing stm32f0xx_gpio.o(i.GPIO_ReadInputDataBit), (14 bytes).
    Removing stm32f0xx_gpio.o(i.GPIO_ReadOutputData), (4 bytes).
    Removing stm32f0xx_gpio.o(i.GPIO_ReadOutputDataBit), (14 bytes).
    Removing stm32f0xx_gpio.o(i.GPIO_StructInit), (24 bytes).
    Removing stm32f0xx_gpio.o(i.GPIO_Write), (4 bytes).
    Removing stm32f0xx_gpio.o(i.GPIO_WriteBit), (12 bytes).
    Removing startup_stm32f0xx.o(HEAP), (512 bytes).
    Removing system_stm32f0xx.o(.emb_text), (8 bytes).
    Removing system_stm32f0xx.o(i.SystemCoreClockUpdate), (108 bytes).
    Removing system_stm32f0xx.o(.data), (20 bytes).
    Removing rt_task.o(i.rt_tsk_pass), (44 bytes).
    Removing rt_task.o(i.rt_tsk_prio), (144 bytes).
    Removing rt_task.o(i.rt_tsk_self), (16 bytes).
    Removing rt_time.o(i.rt_itv_set), (24 bytes).
    Removing rt_time.o(i.rt_itv_wait), (44 bytes).
    Removing rt_time.o(i.rt_time_get), (12 bytes).
    Removing rt_system.o(.emb_text), (0 bytes).
    Removing rt_system.o(i.rt_psh_req), (32 bytes).
    Removing rt_system.o(i.rt_resume), (176 bytes).
    Removing rt_system.o(i.rt_suspend), (52 bytes).
    Removing rt_system.o(i.rt_tsk_lock), (84 bytes).
    Removing rt_system.o(i.rt_tsk_unlock), (84 bytes).
    Removing rt_list.o(i.rt_get_same_rdy_prio), (36 bytes).
    Removing rt_list.o(i.rt_psq_enq), (64 bytes).
    Removing rt_list.o(i.rt_resort_prio), (48 bytes).
    Removing rt_membox.o(i._calloc_box), (32 bytes).
    Removing rt_event.o(i.isr_evt_set), (36 bytes).
    Removing rt_event.o(i.rt_evt_clr), (28 bytes).
    Removing rt_event.o(i.rt_evt_get), (12 bytes).
    Removing rt_event.o(i.rt_evt_set), (92 bytes).
    Removing rt_event.o(i.rt_evt_wait), (64 bytes).
    Removing rt_mailbox.o(i.isr_mbx_receive), (74 bytes).
    Removing rt_mailbox.o(i.isr_mbx_send), (12 bytes).
    Removing rt_mailbox.o(i.rt_mbx_check), (8 bytes).
    Removing rt_mailbox.o(i.rt_mbx_init), (32 bytes).
    Removing rt_mailbox.o(i.rt_mbx_send), (160 bytes).
    Removing rt_mailbox.o(i.rt_mbx_wait), (176 bytes).
    Removing rt_semaphore.o(i.isr_sem_send), (14 bytes).
    Removing rt_semaphore.o(i.rt_sem_init), (12 bytes).
    Removing rt_semaphore.o(i.rt_sem_send), (60 bytes).
    Removing rt_semaphore.o(i.rt_sem_wait), (68 bytes).
    Removing rt_timer.o(i.rt_tmr_create), (80 bytes).
    Removing rt_timer.o(i.rt_tmr_kill), (52 bytes).

90 unused section(s) (total 4014 bytes) removed from the image.

==============================================================================

Image Symbol Table

    Local Symbols

    Symbol Name                              Value     Ov Type        Size  Object(Section)

    ../clib/microlib/division.c              0x00000000   Number         0  uidiv.o ABSOLUTE
    ../clib/microlib/init/entry.s            0x00000000   Number         0  entry11a.o ABSOLUTE
    ../clib/microlib/init/entry.s            0x00000000   Number         0  entry10b.o ABSOLUTE
    ../clib/microlib/init/entry.s            0x00000000   Number         0  entry9a.o ABSOLUTE
    ../clib/microlib/init/entry.s            0x00000000   Number         0  entry10a.o ABSOLUTE
    ../clib/microlib/init/entry.s            0x00000000   Number         0  entry9b.o ABSOLUTE
    ../clib/microlib/init/entry.s            0x00000000   Number         0  entry8a.o ABSOLUTE
    ../clib/microlib/init/entry.s            0x00000000   Number         0  entry.o ABSOLUTE
    ../clib/microlib/init/entry.s            0x00000000   Number         0  entry11b.o ABSOLUTE
    ../clib/microlib/init/entry.s            0x00000000   Number         0  entry2.o ABSOLUTE
    ../clib/microlib/init/entry.s            0x00000000   Number         0  entry5.o ABSOLUTE
    ../clib/microlib/init/entry.s            0x00000000   Number         0  entry7a.o ABSOLUTE
    ../clib/microlib/init/entry.s            0x00000000   Number         0  entry7b.o ABSOLUTE
    ../clib/microlib/init/entry.s            0x00000000   Number         0  entry8b.o ABSOLUTE
    ..\..\Libraries\CMSIS\Device\ST\STM32F0xx\Source\Templates\arm\startup_stm32f0xx.s 0x00000000   Number         0  startup_stm32f0xx.o ABSOLUTE
    ..\..\Libraries\STM32F0xx_StdPeriph_Driver\src\stm32f0xx_gpio.c 0x00000000   Number         0  stm32f0xx_gpio.o ABSOLUTE
    ..\..\Libraries\STM32F0xx_StdPeriph_Driver\src\stm32f0xx_rcc.c 0x00000000   Number         0  stm32f0xx_rcc.o ABSOLUTE
    ..\User\RTX_Conf_CM.c                    0x00000000   Number         0  rtx_conf_cm.o ABSOLUTE
    ..\User\main.c                           0x00000000   Number         0  main.o ABSOLUTE
    ..\User\stm32f0xx_it.c                   0x00000000   Number         0  stm32f0xx_it.o ABSOLUTE
    ..\User\system_stm32f0xx.c               0x00000000   Number         0  system_stm32f0xx.o ABSOLUTE
    ..\\..\\Libraries\\STM32F0xx_StdPeriph_Driver\\src\\stm32f0xx_gpio.c 0x00000000   Number         0  stm32f0xx_gpio.o ABSOLUTE
    ..\\..\\Libraries\\STM32F0xx_StdPeriph_Driver\\src\\stm32f0xx_rcc.c 0x00000000   Number         0  stm32f0xx_rcc.o ABSOLUTE
    ..\\User\\main.c                         0x00000000   Number         0  main.o ABSOLUTE
    ..\\User\\stm32f0xx_it.c                 0x00000000   Number         0  stm32f0xx_it.o ABSOLUTE
    ..\\User\\system_stm32f0xx.c             0x00000000   Number         0  system_stm32f0xx.o ABSOLUTE
    SRC\CM\HAL_CM1.c                         0x00000000   Number         0  hal_cm1.o ABSOLUTE
    SRC\CM\SVC_Table.s                       0x00000000   Number         0  svc_table.o ABSOLUTE
    SRC\CM\rt_Event.c                        0x00000000   Number         0  rt_event.o ABSOLUTE
    SRC\CM\rt_List.c                         0x00000000   Number         0  rt_list.o ABSOLUTE
    SRC\CM\rt_Mailbox.c                      0x00000000   Number         0  rt_mailbox.o ABSOLUTE
    SRC\CM\rt_MemBox.c                       0x00000000   Number         0  rt_membox.o ABSOLUTE
    SRC\CM\rt_Robin.c                        0x00000000   Number         0  rt_robin.o ABSOLUTE
    SRC\CM\rt_Semaphore.c                    0x00000000   Number         0  rt_semaphore.o ABSOLUTE
    SRC\CM\rt_System.c                       0x00000000   Number         0  rt_system.o ABSOLUTE
    SRC\CM\rt_Task.c                         0x00000000   Number         0  rt_task.o ABSOLUTE
    SRC\CM\rt_Time.c                         0x00000000   Number         0  rt_time.o ABSOLUTE
    SRC\CM\rt_Timer.c                        0x00000000   Number         0  rt_timer.o ABSOLUTE
    SRC\\CM\\HAL_CM1.c                       0x00000000   Number         0  hal_cm1.o ABSOLUTE
    SRC\\CM\\rt_System.c                     0x00000000   Number         0  rt_system.o ABSOLUTE
    dc.s                                     0x00000000   Number         0  dc.o ABSOLUTE
    handlers.s                               0x00000000   Number         0  handlers.o ABSOLUTE
    init.s                                   0x00000000   Number         0  init.o ABSOLUTE
    RESET                                    0x08000000   Section      192  startup_stm32f0xx.o(RESET)
    .ARM.Collect$$$$00000000                 0x080000c0   Section        0  entry.o(.ARM.Collect$$$$00000000)
    .ARM.Collect$$$$00000001                 0x080000c0   Section        4  entry2.o(.ARM.Collect$$$$00000001)
    .ARM.Collect$$$$00000004                 0x080000c4   Section        4  entry5.o(.ARM.Collect$$$$00000004)
    .ARM.Collect$$$$00000008                 0x080000c8   Section        0  entry7b.o(.ARM.Collect$$$$00000008)
    .ARM.Collect$$$$0000000A                 0x080000c8   Section        0  entry8b.o(.ARM.Collect$$$$0000000A)
    .ARM.Collect$$$$0000000B                 0x080000c8   Section        8  entry9a.o(.ARM.Collect$$$$0000000B)
    .ARM.Collect$$$$0000000D                 0x080000d0   Section        0  entry10a.o(.ARM.Collect$$$$0000000D)
    .ARM.Collect$$$$0000000F                 0x080000d0   Section        0  entry11a.o(.ARM.Collect$$$$0000000F)
    .ARM.Collect$$$$00002712                 0x080000d0   Section        4  entry2.o(.ARM.Collect$$$$00002712)
    __lit__00000000                          0x080000d0   Data           4  entry2.o(.ARM.Collect$$$$00002712)
    .emb_text                                0x080000d4   Section      392  hal_cm1.o(.emb_text)
    .text                                    0x0800025c   Section       28  startup_stm32f0xx.o(.text)
    .text                                    0x08000278   Section       36  init.o(.text)
    SVC_TABLE                                0x0800029c   Section        4  svc_table.o(SVC_TABLE)
    i.GPIO_Init                              0x080002a0   Section        0  stm32f0xx_gpio.o(i.GPIO_Init)
    i.GPIO_ResetBits                         0x08000310   Section        0  stm32f0xx_gpio.o(i.GPIO_ResetBits)
    i.GPIO_SetBits                           0x08000314   Section        0  stm32f0xx_gpio.o(i.GPIO_SetBits)
    i.HardFault_Handler                      0x08000318   Section        0  stm32f0xx_it.o(i.HardFault_Handler)
    i.LED1_Task                              0x0800031c   Section        0  main.o(i.LED1_Task)
    i.LED2_Task                              0x08000348   Section        0  main.o(i.LED2_Task)
    i.LED_Configuration                      0x08000374   Section        0  main.o(i.LED_Configuration)
    i.NMI_Handler                            0x080003a8   Section        0  stm32f0xx_it.o(i.NMI_Handler)
    i.RCC_AHBPeriphClockCmd                  0x080003ac   Section        0  stm32f0xx_rcc.o(i.RCC_AHBPeriphClockCmd)
    i.SetSysClock                            0x080003c4   Section        0  system_stm32f0xx.o(i.SetSysClock)
    SetSysClock                              0x080003c5   Thumb Code    86  system_stm32f0xx.o(i.SetSysClock)
    i.SystemInit                             0x08000424   Section        0  system_stm32f0xx.o(i.SystemInit)
    i.__scatterload_copy                     0x08000484   Section       14  handlers.o(i.__scatterload_copy)
    i.__scatterload_null                     0x08000492   Section        2  handlers.o(i.__scatterload_null)
    i.__scatterload_zeroinit                 0x08000494   Section       14  handlers.o(i.__scatterload_zeroinit)
    i._init_box                              0x080004a2   Section        0  rt_membox.o(i._init_box)
    i.init                                   0x080004ec   Section        0  main.o(i.init)
    i.main                                   0x08000530   Section        0  main.o(i.main)
    i.os_error                               0x0800054c   Section        0  rtx_conf_cm.o(i.os_error)
    i.os_idle_demon                          0x0800054e   Section        0  rtx_conf_cm.o(i.os_idle_demon)
    i.os_tick_init                           0x08000550   Section        0  rt_system.o(i.os_tick_init)
    i.os_tick_irqack                         0x0800057c   Section        0  rt_system.o(i.os_tick_irqack)
    i.os_tmr_call                            0x0800057e   Section        0  rtx_conf_cm.o(i.os_tmr_call)
    i.rt_alloc_box                           0x08000580   Section        0  rt_membox.o(i.rt_alloc_box)
    i.rt_block                               0x080005a0   Section        0  rt_task.o(i.rt_block)
    i.rt_chk_robin                           0x080005d8   Section        0  rt_robin.o(i.rt_chk_robin)
    i.rt_dec_dly                             0x0800061c   Section        0  rt_list.o(i.rt_dec_dly)
    i.rt_dispatch                            0x08000694   Section        0  rt_task.o(i.rt_dispatch)
    i.rt_dly_wait                            0x080006d4   Section        0  rt_time.o(i.rt_dly_wait)
    i.rt_evt_psh                             0x080006e0   Section        0  rt_event.o(i.rt_evt_psh)
    i.rt_free_box                            0x0800072c   Section        0  rt_membox.o(i.rt_free_box)
    i.rt_get_first                           0x08000752   Section        0  rt_list.o(i.rt_get_first)
    i.rt_init_context                        0x0800077c   Section        0  rt_task.o(i.rt_init_context)
    rt_init_context                          0x0800077d   Thumb Code    68  rt_task.o(i.rt_init_context)
    i.rt_init_robin                          0x080007c4   Section        0  rt_robin.o(i.rt_init_robin)
    i.rt_init_stack                          0x080007dc   Section        0  hal_cm1.o(i.rt_init_stack)
    i.rt_mbx_psh                             0x08000828   Section        0  rt_mailbox.o(i.rt_mbx_psh)
    i.rt_pop_req                             0x080008dc   Section        0  rt_system.o(i.rt_pop_req)
    i.rt_put_dly                             0x0800094c   Section        0  rt_list.o(i.rt_put_dly)
    i.rt_put_prio                            0x0800099c   Section        0  rt_list.o(i.rt_put_prio)
    i.rt_put_rdy_first                       0x080009d8   Section        0  rt_list.o(i.rt_put_rdy_first)
    i.rt_rmv_dly                             0x080009ec   Section        0  rt_list.o(i.rt_rmv_dly)
    i.rt_rmv_list                            0x08000a18   Section        0  rt_list.o(i.rt_rmv_list)
    i.rt_sem_psh                             0x08000a4c   Section        0  rt_semaphore.o(i.rt_sem_psh)
    i.rt_stk_check                           0x08000a80   Section        0  rt_system.o(i.rt_stk_check)
    i.rt_switch_req                          0x08000aa8   Section        0  rt_task.o(i.rt_switch_req)
    i.rt_sys_init                            0x08000ab8   Section        0  rt_task.o(i.rt_sys_init)
    i.rt_systick                             0x08000bf0   Section        0  rt_system.o(i.rt_systick)
    i.rt_tmr_tick                            0x08000c2c   Section        0  rt_timer.o(i.rt_tmr_tick)
    i.rt_tsk_create                          0x08000c6c   Section        0  rt_task.o(i.rt_tsk_create)
    i.rt_tsk_delete                          0x08000ce8   Section        0  rt_task.o(i.rt_tsk_delete)
    .constdata                               0x08000e28   Section        2  rtx_conf_cm.o(.constdata)
    .constdata                               0x08000e2c   Section        4  rtx_conf_cm.o(.constdata)
    .constdata                               0x08000e30   Section        4  rtx_conf_cm.o(.constdata)
    .constdata                               0x08000e34   Section        4  rtx_conf_cm.o(.constdata)
    .constdata                               0x08000e38   Section        1  rtx_conf_cm.o(.constdata)
    .constdata                               0x08000e3c   Section        8  rtx_conf_cm.o(.constdata)
    __tagsym$$used                           0x08000e3c   Number         0  rtx_conf_cm.o(.constdata)
    __tagsym$$used                           0x08000e40   Number         0  rtx_conf_cm.o(.constdata)
    .constdata                               0x08000e44   Section        2  rtx_conf_cm.o(.constdata)
    .constdata                               0x08000e48   Section        4  rtx_conf_cm.o(.constdata)
    .constdata                               0x08000e4c   Section        1  rtx_conf_cm.o(.constdata)
    .constdata                               0x08000e4e   Section        2  rtx_conf_cm.o(.constdata)
    .constdata                               0x08000e50   Section        4  rt_system.o(.constdata)
    __tagsym$$used                           0x08000e50   Number         0  rt_system.o(.constdata)
    .data                                    0x20000000   Section        8  main.o(.data)
    .data                                    0x20000008   Section        4  rtx_conf_cm.o(.data)
    .data                                    0x2000000c   Section        8  rt_task.o(.data)
    .data                                    0x20000014   Section        4  rt_time.o(.data)
    .data                                    0x20000018   Section        8  rt_system.o(.data)
    os_lock                                  0x20000018   Data           1  rt_system.o(.data)
    os_psh_flag                              0x20000019   Data           1  rt_system.o(.data)
    pend_flags                               0x2000001a   Data           1  rt_system.o(.data)
    .data                                    0x20000020   Section        8  rt_robin.o(.data)
    .data                                    0x20000028   Section        8  rt_timer.o(.data)
    .bss                                     0x20000030   Section      180  rtx_conf_cm.o(.bss)
    .bss                                     0x200000e8   Section      816  rtx_conf_cm.o(.bss)
    .bss                                     0x20000418   Section      132  rtx_conf_cm.o(.bss)
    .bss                                     0x2000049c   Section       12  rtx_conf_cm.o(.bss)
    .bss                                     0x200004a8   Section       56  rt_task.o(.bss)
    .bss                                     0x200004e0   Section       48  rt_list.o(.bss)
    STACK                                    0x20000510   Section     1024  startup_stm32f0xx.o(STACK)

    Global Symbols

    Symbol Name                              Value     Ov Type        Size  Object(Section)

    BuildAttributes$$THM_ISAv3M$S$PE$A:L22$X:L11$S22$IEEE1$IW$USESV6$~STKCKD$USESV7$~SHL$OSPACE$EBA8$MICROLIB$REQ8$PRES8$EABIv2 0x00000000   Number         0  anon$$obj.o ABSOLUTE
    __ARM_use_no_argv                        0x00000000   Number         0  main.o ABSOLUTE
    __cpp_initialize__aeabi_                  - Undefined Weak Reference
    __cxa_finalize                            - Undefined Weak Reference
    __decompress                              - Undefined Weak Reference
    _clock_init                               - Undefined Weak Reference
    _microlib_exit                            - Undefined Weak Reference
    __Vectors_Size                           0x000000c0   Number         0  startup_stm32f0xx.o ABSOLUTE
    __RL_RTX_VER                             0x00000475   Number         0  rt_system.o ABSOLUTE
    __Vectors                                0x08000000   Data           4  startup_stm32f0xx.o(RESET)
    __Vectors_End                            0x080000c0   Data           0  startup_stm32f0xx.o(RESET)
    __main                                   0x080000c1   Thumb Code     0  entry.o(.ARM.Collect$$$$00000000)
    _main_stk                                0x080000c1   Thumb Code     0  entry2.o(.ARM.Collect$$$$00000001)
    _main_scatterload                        0x080000c5   Thumb Code     0  entry5.o(.ARM.Collect$$$$00000004)
    __main_after_scatterload                 0x080000c9   Thumb Code     0  entry5.o(.ARM.Collect$$$$00000004)
    _main_clock                              0x080000c9   Thumb Code     0  entry7b.o(.ARM.Collect$$$$00000008)
    _main_cpp_init                           0x080000c9   Thumb Code     0  entry8b.o(.ARM.Collect$$$$0000000A)
    _main_init                               0x080000c9   Thumb Code     0  entry9a.o(.ARM.Collect$$$$0000000B)
    __rt_final_cpp                           0x080000d1   Thumb Code     0  entry10a.o(.ARM.Collect$$$$0000000D)
    __rt_final_exit                          0x080000d1   Thumb Code     0  entry11a.o(.ARM.Collect$$$$0000000F)
    rt_set_PSP                               0x080000d5   Thumb Code     6  hal_cm1.o(.emb_text)
    rt_get_PSP                               0x080000db   Thumb Code     6  hal_cm1.o(.emb_text)
    os_set_env                               0x080000e1   Thumb Code    32  hal_cm1.o(.emb_text)
    _alloc_box                               0x08000105   Thumb Code    28  hal_cm1.o(.emb_text)
    _free_box                                0x08000125   Thumb Code    28  hal_cm1.o(.emb_text)
    SVC_Handler                              0x08000145   Thumb Code   152  hal_cm1.o(.emb_text)
    PendSV_Handler                           0x080001e9   Thumb Code    92  hal_cm1.o(.emb_text)
    SysTick_Handler                          0x08000249   Thumb Code     8  hal_cm1.o(.emb_text)
    OS_Tick_Handler                          0x08000251   Thumb Code    12  hal_cm1.o(.emb_text)
    Reset_Handler                            0x0800025d   Thumb Code     8  startup_stm32f0xx.o(.text)
    ADC1_COMP_IRQHandler                     0x0800026f   Thumb Code     0  startup_stm32f0xx.o(.text)
    CEC_IRQHandler                           0x0800026f   Thumb Code     0  startup_stm32f0xx.o(.text)
    DMA1_Channel1_IRQHandler                 0x0800026f   Thumb Code     0  startup_stm32f0xx.o(.text)
    DMA1_Channel2_3_IRQHandler               0x0800026f   Thumb Code     0  startup_stm32f0xx.o(.text)
    DMA1_Channel4_5_IRQHandler               0x0800026f   Thumb Code     0  startup_stm32f0xx.o(.text)
    EXTI0_1_IRQHandler                       0x0800026f   Thumb Code     0  startup_stm32f0xx.o(.text)
    EXTI2_3_IRQHandler                       0x0800026f   Thumb Code     0  startup_stm32f0xx.o(.text)
    EXTI4_15_IRQHandler                      0x0800026f   Thumb Code     0  startup_stm32f0xx.o(.text)
    FLASH_IRQHandler                         0x0800026f   Thumb Code     0  startup_stm32f0xx.o(.text)
    I2C1_IRQHandler                          0x0800026f   Thumb Code     0  startup_stm32f0xx.o(.text)
    I2C2_IRQHandler                          0x0800026f   Thumb Code     0  startup_stm32f0xx.o(.text)
    PVD_IRQHandler                           0x0800026f   Thumb Code     0  startup_stm32f0xx.o(.text)
    RCC_IRQHandler                           0x0800026f   Thumb Code     0  startup_stm32f0xx.o(.text)
    RTC_IRQHandler                           0x0800026f   Thumb Code     0  startup_stm32f0xx.o(.text)
    SPI1_IRQHandler                          0x0800026f   Thumb Code     0  startup_stm32f0xx.o(.text)
    SPI2_IRQHandler                          0x0800026f   Thumb Code     0  startup_stm32f0xx.o(.text)
    TIM14_IRQHandler                         0x0800026f   Thumb Code     0  startup_stm32f0xx.o(.text)
    TIM15_IRQHandler                         0x0800026f   Thumb Code     0  startup_stm32f0xx.o(.text)
    TIM16_IRQHandler                         0x0800026f   Thumb Code     0  startup_stm32f0xx.o(.text)
    TIM17_IRQHandler                         0x0800026f   Thumb Code     0  startup_stm32f0xx.o(.text)
    TIM1_BRK_UP_TRG_COM_IRQHandler           0x0800026f   Thumb Code     0  startup_stm32f0xx.o(.text)
    TIM1_CC_IRQHandler                       0x0800026f   Thumb Code     0  startup_stm32f0xx.o(.text)
    TIM2_IRQHandler                          0x0800026f   Thumb Code     0  startup_stm32f0xx.o(.text)
    TIM3_IRQHandler                          0x0800026f   Thumb Code     0  startup_stm32f0xx.o(.text)
    TIM6_DAC_IRQHandler                      0x0800026f   Thumb Code     0  startup_stm32f0xx.o(.text)
    TS_IRQHandler                            0x0800026f   Thumb Code     0  startup_stm32f0xx.o(.text)
    USART1_IRQHandler                        0x0800026f   Thumb Code     0  startup_stm32f0xx.o(.text)
    USART2_IRQHandler                        0x0800026f   Thumb Code     0  startup_stm32f0xx.o(.text)
    WWDG_IRQHandler                          0x0800026f   Thumb Code     0  startup_stm32f0xx.o(.text)
    __scatterload                            0x08000279   Thumb Code    28  init.o(.text)
    __scatterload_rt2                        0x08000279   Thumb Code     0  init.o(.text)
    SVC_Count                                0x0800029c   Data           4  svc_table.o(SVC_TABLE)
    GPIO_Init                                0x080002a1   Thumb Code   112  stm32f0xx_gpio.o(i.GPIO_Init)
    SVC_Table                                0x080002a0   Data           0  svc_table.o(SVC_TABLE)
    GPIO_ResetBits                           0x08000311   Thumb Code     4  stm32f0xx_gpio.o(i.GPIO_ResetBits)
    GPIO_SetBits                             0x08000315   Thumb Code     4  stm32f0xx_gpio.o(i.GPIO_SetBits)
    HardFault_Handler                        0x08000319   Thumb Code     2  stm32f0xx_it.o(i.HardFault_Handler)
    LED1_Task                                0x0800031d   Thumb Code    40  main.o(i.LED1_Task)
    LED2_Task                                0x08000349   Thumb Code    40  main.o(i.LED2_Task)
    LED_Configuration                        0x08000375   Thumb Code    52  main.o(i.LED_Configuration)
    NMI_Handler                              0x080003a9   Thumb Code     2  stm32f0xx_it.o(i.NMI_Handler)
    RCC_AHBPeriphClockCmd                    0x080003ad   Thumb Code    18  stm32f0xx_rcc.o(i.RCC_AHBPeriphClockCmd)
    SystemInit                               0x08000425   Thumb Code    84  system_stm32f0xx.o(i.SystemInit)
    __scatterload_copy                       0x08000485   Thumb Code    14  handlers.o(i.__scatterload_copy)
    __scatterload_null                       0x08000493   Thumb Code     2  handlers.o(i.__scatterload_null)
    __scatterload_zeroinit                   0x08000495   Thumb Code    14  handlers.o(i.__scatterload_zeroinit)
    _init_box                                0x080004a3   Thumb Code    72  rt_membox.o(i._init_box)
    init                                     0x080004ed   Thumb Code    46  main.o(i.init)
    main                                     0x08000531   Thumb Code    18  main.o(i.main)
    os_error                                 0x0800054d   Thumb Code     2  rtx_conf_cm.o(i.os_error)
    os_idle_demon                            0x0800054f   Thumb Code     2  rtx_conf_cm.o(i.os_idle_demon)
    os_tick_init                             0x08000551   Thumb Code    32  rt_system.o(i.os_tick_init)
    os_tick_irqack                           0x0800057d   Thumb Code     2  rt_system.o(i.os_tick_irqack)
    os_tmr_call                              0x0800057f   Thumb Code     2  rtx_conf_cm.o(i.os_tmr_call)
    rt_alloc_box                             0x08000581   Thumb Code    30  rt_membox.o(i.rt_alloc_box)
    rt_block                                 0x080005a1   Thumb Code    42  rt_task.o(i.rt_block)
    rt_chk_robin                             0x080005d9   Thumb Code    56  rt_robin.o(i.rt_chk_robin)
    rt_dec_dly                               0x0800061d   Thumb Code   112  rt_list.o(i.rt_dec_dly)
    rt_dispatch                              0x08000695   Thumb Code    56  rt_task.o(i.rt_dispatch)
    rt_dly_wait                              0x080006d5   Thumb Code    10  rt_time.o(i.rt_dly_wait)
    rt_evt_psh                               0x080006e1   Thumb Code    70  rt_event.o(i.rt_evt_psh)
    rt_free_box                              0x0800072d   Thumb Code    38  rt_membox.o(i.rt_free_box)
    rt_get_first                             0x08000753   Thumb Code    42  rt_list.o(i.rt_get_first)
    rt_init_robin                            0x080007c5   Thumb Code    14  rt_robin.o(i.rt_init_robin)
    rt_init_stack                            0x080007dd   Thumb Code    68  hal_cm1.o(i.rt_init_stack)
    rt_mbx_psh                               0x08000829   Thumb Code   176  rt_mailbox.o(i.rt_mbx_psh)
    rt_pop_req                               0x080008dd   Thumb Code   100  rt_system.o(i.rt_pop_req)
    rt_put_dly                               0x0800094d   Thumb Code    74  rt_list.o(i.rt_put_dly)
    rt_put_prio                              0x0800099d   Thumb Code    60  rt_list.o(i.rt_put_prio)
    rt_put_rdy_first                         0x080009d9   Thumb Code    14  rt_list.o(i.rt_put_rdy_first)
    rt_rmv_dly                               0x080009ed   Thumb Code    42  rt_list.o(i.rt_rmv_dly)
    rt_rmv_list                              0x08000a19   Thumb Code    46  rt_list.o(i.rt_rmv_list)
    rt_sem_psh                               0x08000a4d   Thumb Code    46  rt_semaphore.o(i.rt_sem_psh)
    rt_stk_check                             0x08000a81   Thumb Code    30  rt_system.o(i.rt_stk_check)
    rt_switch_req                            0x08000aa9   Thumb Code    10  rt_task.o(i.rt_switch_req)
    rt_sys_init                              0x08000ab9   Thumb Code   230  rt_task.o(i.rt_sys_init)
    rt_systick                               0x08000bf1   Thumb Code    48  rt_system.o(i.rt_systick)
    rt_tmr_tick                              0x08000c2d   Thumb Code    56  rt_timer.o(i.rt_tmr_tick)
    rt_tsk_create                            0x08000c6d   Thumb Code   108  rt_task.o(i.rt_tsk_create)
    rt_tsk_delete                            0x08000ce9   Thumb Code   294  rt_task.o(i.rt_tsk_delete)
    os_maxtaskrun                            0x08000e28   Data           2  rtx_conf_cm.o(.constdata)
    os_stackinfo                             0x08000e2c   Data           4  rtx_conf_cm.o(.constdata)
    os_rrobin                                0x08000e30   Data           4  rtx_conf_cm.o(.constdata)
    os_trv                                   0x08000e34   Data           4  rtx_conf_cm.o(.constdata)
    os_flags                                 0x08000e38   Data           1  rtx_conf_cm.o(.constdata)
    os_clockrate                             0x08000e3c   Data           4  rtx_conf_cm.o(.constdata)
    os_timernum                              0x08000e40   Data           4  rtx_conf_cm.o(.constdata)
    mp_tcb_size                              0x08000e44   Data           2  rtx_conf_cm.o(.constdata)
    mp_stk_size                              0x08000e48   Data           4  rtx_conf_cm.o(.constdata)
    os_fifo_size                             0x08000e4c   Data           1  rtx_conf_cm.o(.constdata)
    mp_tmr_size                              0x08000e4e   Data           2  rtx_conf_cm.o(.constdata)
    RL_RTX_Version                           0x08000e50   Data           4  rt_system.o(.constdata)
    Region$$Table$$Base                      0x08000e54   Number         0  anon$$obj.o(Region$$Table)
    Region$$Table$$Limit                     0x08000e74   Number         0  anon$$obj.o(Region$$Table)
    t_led1                                   0x20000000   Data           4  main.o(.data)
    t_led2                                   0x20000004   Data           4  main.o(.data)
    m_tmr                                    0x20000008   Data           4  rtx_conf_cm.o(.data)
    os_tsk                                   0x2000000c   Data           8  rt_task.o(.data)
    os_time                                  0x20000014   Data           4  rt_time.o(.data)
    os_tick_irqn                             0x2000001c   Data           4  rt_system.o(.data)
    os_robin                                 0x20000020   Data           8  rt_robin.o(.data)
    os_tmr                                   0x20000028   Data           8  rt_timer.o(.data)
    mp_tcb                                   0x20000030   Data         180  rtx_conf_cm.o(.bss)
    mp_stk                                   0x200000e8   Data         816  rtx_conf_cm.o(.bss)
    os_fifo                                  0x20000418   Data         132  rtx_conf_cm.o(.bss)
    os_active_TCB                            0x2000049c   Data          12  rtx_conf_cm.o(.bss)
    os_idle_TCB                              0x200004a8   Data          56  rt_task.o(.bss)
    os_rdy                                   0x200004e0   Data          24  rt_list.o(.bss)
    os_dly                                   0x200004f8   Data          24  rt_list.o(.bss)
    __initial_sp                             0x20000910   Data           0  startup_stm32f0xx.o(STACK)



==============================================================================

Memory Map of the image

  Image Entry point : 0x080000c1

  Load Region LR_IROM1 (Base: 0x08000000, Size: 0x00000ea4, Max: 0x00004000, ABSOLUTE)

    Execution Region ER_IROM1 (Base: 0x08000000, Size: 0x00000e74, Max: 0x00004000, ABSOLUTE)

    Base Addr    Size         Type   Attr      Idx    E Section Name        Object

    0x08000000   0x000000c0   Data   RO          439    RESET               startup_stm32f0xx.o
    0x080000c0   0x00000000   Code   RO         1048  * .ARM.Collect$$$$00000000  mc_p.l(entry.o)
    0x080000c0   0x00000004   Code   RO         1053    .ARM.Collect$$$$00000001  mc_p.l(entry2.o)
    0x080000c4   0x00000004   Code   RO         1056    .ARM.Collect$$$$00000004  mc_p.l(entry5.o)
    0x080000c8   0x00000000   Code   RO         1058    .ARM.Collect$$$$00000008  mc_p.l(entry7b.o)
    0x080000c8   0x00000000   Code   RO         1060    .ARM.Collect$$$$0000000A  mc_p.l(entry8b.o)
    0x080000c8   0x00000008   Code   RO         1061    .ARM.Collect$$$$0000000B  mc_p.l(entry9a.o)
    0x080000d0   0x00000000   Code   RO         1063    .ARM.Collect$$$$0000000D  mc_p.l(entry10a.o)
    0x080000d0   0x00000000   Code   RO         1065    .ARM.Collect$$$$0000000F  mc_p.l(entry11a.o)
    0x080000d0   0x00000004   Code   RO         1054    .ARM.Collect$$$$00002712  mc_p.l(entry2.o)
    0x080000d4   0x00000188   Code   RO          657    .emb_text           RTX_CM1.LIB(hal_cm1.o)
    0x0800025c   0x0000001c   Code   RO          440    .text               startup_stm32f0xx.o
    0x08000278   0x00000024   Code   RO         1067    .text               mc_p.l(init.o)
    0x0800029c   0x00000004   Code   RO          892    SVC_TABLE           RTX_CM1.LIB(svc_table.o)
    0x080002a0   0x00000070   Code   RO          351    i.GPIO_Init         stm32f0xx_gpio.o
    0x08000310   0x00000004   Code   RO          358    i.GPIO_ResetBits    stm32f0xx_gpio.o
    0x08000314   0x00000004   Code   RO          359    i.GPIO_SetBits      stm32f0xx_gpio.o
    0x08000318   0x00000002   Code   RO           79    i.HardFault_Handler  stm32f0xx_it.o
    0x0800031a   0x00000002   PAD
    0x0800031c   0x0000002c   Code   RO            2    i.LED1_Task         main.o
    0x08000348   0x0000002c   Code   RO            3    i.LED2_Task         main.o
    0x08000374   0x00000034   Code   RO            4    i.LED_Configuration  main.o
    0x080003a8   0x00000002   Code   RO           80    i.NMI_Handler       stm32f0xx_it.o
    0x080003aa   0x00000002   PAD
    0x080003ac   0x00000018   Code   RO          105    i.RCC_AHBPeriphClockCmd  stm32f0xx_rcc.o
    0x080003c4   0x00000060   Code   RO          445    i.SetSysClock       system_stm32f0xx.o
    0x08000424   0x00000060   Code   RO          447    i.SystemInit        system_stm32f0xx.o
    0x08000484   0x0000000e   Code   RO         1071    i.__scatterload_copy  mc_p.l(handlers.o)
    0x08000492   0x00000002   Code   RO         1072    i.__scatterload_null  mc_p.l(handlers.o)
    0x08000494   0x0000000e   Code   RO         1073    i.__scatterload_zeroinit  mc_p.l(handlers.o)
    0x080004a2   0x00000048   Code   RO          863    i._init_box         RTX_CM1.LIB(rt_membox.o)
    0x080004ea   0x00000002   PAD
    0x080004ec   0x00000044   Code   RO            5    i.init              main.o
    0x08000530   0x0000001c   Code   RO            6    i.main              main.o
    0x0800054c   0x00000002   Code   RO          477    i.os_error          rtx_conf_cm.o
    0x0800054e   0x00000002   Code   RO          478    i.os_idle_demon     rtx_conf_cm.o
    0x08000550   0x0000002c   Code   RO          678    i.os_tick_init      RTX_CM1.LIB(rt_system.o)
    0x0800057c   0x00000002   Code   RO          679    i.os_tick_irqack    RTX_CM1.LIB(rt_system.o)
    0x0800057e   0x00000002   Code   RO          479    i.os_tmr_call       rtx_conf_cm.o
    0x08000580   0x0000001e   Code   RO          864    i.rt_alloc_box      RTX_CM1.LIB(rt_membox.o)
    0x0800059e   0x00000002   PAD
    0x080005a0   0x00000038   Code   RO          521    i.rt_block          RTX_CM1.LIB(rt_task.o)
    0x080005d8   0x00000044   Code   RO          841    i.rt_chk_robin      RTX_CM1.LIB(rt_robin.o)
    0x0800061c   0x00000078   Code   RO          762    i.rt_dec_dly        RTX_CM1.LIB(rt_list.o)
    0x08000694   0x00000040   Code   RO          522    i.rt_dispatch       RTX_CM1.LIB(rt_task.o)
    0x080006d4   0x0000000a   Code   RO          620    i.rt_dly_wait       RTX_CM1.LIB(rt_time.o)
    0x080006de   0x00000002   PAD
    0x080006e0   0x0000004c   Code   RO          898    i.rt_evt_psh        RTX_CM1.LIB(rt_event.o)
    0x0800072c   0x00000026   Code   RO          865    i.rt_free_box       RTX_CM1.LIB(rt_membox.o)
    0x08000752   0x0000002a   Code   RO          763    i.rt_get_first      RTX_CM1.LIB(rt_list.o)
    0x0800077c   0x00000048   Code   RO          523    i.rt_init_context   RTX_CM1.LIB(rt_task.o)
    0x080007c4   0x00000018   Code   RO          842    i.rt_init_robin     RTX_CM1.LIB(rt_robin.o)
    0x080007dc   0x0000004c   Code   RO          658    i.rt_init_stack     RTX_CM1.LIB(hal_cm1.o)
    0x08000828   0x000000b4   Code   RO          941    i.rt_mbx_psh        RTX_CM1.LIB(rt_mailbox.o)
    0x080008dc   0x00000070   Code   RO          680    i.rt_pop_req        RTX_CM1.LIB(rt_system.o)
    0x0800094c   0x00000050   Code   RO          766    i.rt_put_dly        RTX_CM1.LIB(rt_list.o)
    0x0800099c   0x0000003c   Code   RO          767    i.rt_put_prio       RTX_CM1.LIB(rt_list.o)
    0x080009d8   0x00000014   Code   RO          768    i.rt_put_rdy_first  RTX_CM1.LIB(rt_list.o)
    0x080009ec   0x0000002a   Code   RO          770    i.rt_rmv_dly        RTX_CM1.LIB(rt_list.o)
    0x08000a16   0x00000002   PAD
    0x08000a18   0x00000034   Code   RO          771    i.rt_rmv_list       RTX_CM1.LIB(rt_list.o)
    0x08000a4c   0x00000034   Code   RO          987    i.rt_sem_psh        RTX_CM1.LIB(rt_semaphore.o)
    0x08000a80   0x00000028   Code   RO          683    i.rt_stk_check      RTX_CM1.LIB(rt_system.o)
    0x08000aa8   0x00000010   Code   RO          524    i.rt_switch_req     RTX_CM1.LIB(rt_task.o)
    0x08000ab8   0x00000138   Code   RO          525    i.rt_sys_init       RTX_CM1.LIB(rt_task.o)
    0x08000bf0   0x0000003c   Code   RO          685    i.rt_systick        RTX_CM1.LIB(rt_system.o)
    0x08000c2c   0x00000040   Code   RO         1023    i.rt_tmr_tick       RTX_CM1.LIB(rt_timer.o)
    0x08000c6c   0x0000007c   Code   RO          526    i.rt_tsk_create     RTX_CM1.LIB(rt_task.o)
    0x08000ce8   0x00000140   Code   RO          527    i.rt_tsk_delete     RTX_CM1.LIB(rt_task.o)
    0x08000e28   0x00000002   Data   RO          484    .constdata          rtx_conf_cm.o
    0x08000e2a   0x00000002   PAD
    0x08000e2c   0x00000004   Data   RO          485    .constdata          rtx_conf_cm.o
    0x08000e30   0x00000004   Data   RO          486    .constdata          rtx_conf_cm.o
    0x08000e34   0x00000004   Data   RO          487    .constdata          rtx_conf_cm.o
    0x08000e38   0x00000001   Data   RO          488    .constdata          rtx_conf_cm.o
    0x08000e39   0x00000003   PAD
    0x08000e3c   0x00000008   Data   RO          489    .constdata          rtx_conf_cm.o
    0x08000e44   0x00000002   Data   RO          490    .constdata          rtx_conf_cm.o
    0x08000e46   0x00000002   PAD
    0x08000e48   0x00000004   Data   RO          491    .constdata          rtx_conf_cm.o
    0x08000e4c   0x00000001   Data   RO          492    .constdata          rtx_conf_cm.o
    0x08000e4d   0x00000001   PAD
    0x08000e4e   0x00000002   Data   RO          493    .constdata          rtx_conf_cm.o
    0x08000e50   0x00000004   Data   RO          688    .constdata          RTX_CM1.LIB(rt_system.o)
    0x08000e54   0x00000020   Data   RO         1069    Region$$Table       anon$$obj.o


    Execution Region RW_IRAM1 (Base: 0x20000000, Size: 0x00000910, Max: 0x00001000, ABSOLUTE)

    Base Addr    Size         Type   Attr      Idx    E Section Name        Object

    0x20000000   0x00000008   Data   RW            7    .data               main.o
    0x20000008   0x00000004   Data   RW          494    .data               rtx_conf_cm.o
    0x2000000c   0x00000008   Data   RW          532    .data               RTX_CM1.LIB(rt_task.o)
    0x20000014   0x00000004   Data   RW          624    .data               RTX_CM1.LIB(rt_time.o)
    0x20000018   0x00000008   Data   RW          689    .data               RTX_CM1.LIB(rt_system.o)
    0x20000020   0x00000008   Data   RW          843    .data               RTX_CM1.LIB(rt_robin.o)
    0x20000028   0x00000008   Data   RW         1024    .data               RTX_CM1.LIB(rt_timer.o)
    0x20000030   0x000000b4   Zero   RW          480    .bss                rtx_conf_cm.o
    0x200000e4   0x00000004   PAD
    0x200000e8   0x00000330   Zero   RW          481    .bss                rtx_conf_cm.o
    0x20000418   0x00000084   Zero   RW          482    .bss                rtx_conf_cm.o
    0x2000049c   0x0000000c   Zero   RW          483    .bss                rtx_conf_cm.o
    0x200004a8   0x00000038   Zero   RW          531    .bss                RTX_CM1.LIB(rt_task.o)
    0x200004e0   0x00000030   Zero   RW          772    .bss                RTX_CM1.LIB(rt_list.o)
    0x20000510   0x00000400   Zero   RW          437    STACK               startup_stm32f0xx.o


==============================================================================

Image component sizes


      Code (inc. data)   RO Data    RW Data    ZI Data      Debug   Object Name

       236         40          0          8          0     101934   main.o
         6          0         32          4       1140       2448   rtx_conf_cm.o
        28          8        192          0       1024        712   startup_stm32f0xx.o
       120          0          0          0          0       2144   stm32f0xx_gpio.o
         4          0          0          0          0        810   stm32f0xx_it.o
        24          6          0          0          0        568   stm32f0xx_rcc.o
       192         22          0          0          0       1373   system_stm32f0xx.o

    ----------------------------------------------------------------------
       614         76        264         12       2168     109989   Object Totals
         0          0         32          0          0          0   (incl. Generated)
         4          0          8          0          4          0   (incl. Padding)

    ----------------------------------------------------------------------

      Code (inc. data)   RO Data    RW Data    ZI Data      Debug   Library Member Name

       468         50          0          0          0       1440   hal_cm1.o
        76          6          0          0          0        581   rt_event.o
       416         26          0          0         48       3941   rt_list.o
       180          4          0          0          0        705   rt_mailbox.o
       140          0          0          0          0       1841   rt_membox.o
        92         22          0          8          0       1014   rt_robin.o
        52          6          0          0          0        517   rt_semaphore.o
       258         46          4          8          0       3225   rt_system.o
       964        156          0          8         56       6930   rt_task.o
        10          0          0          4          0        596   rt_time.o
        64          8          0          8          0        647   rt_timer.o
         4          4          0          0          0        168   svc_table.o
         0          0          0          0          0          0   entry.o
         0          0          0          0          0          0   entry10a.o
         0          0          0          0          0          0   entry11a.o
         8          4          0          0          0          0   entry2.o
         4          0          0          0          0          0   entry5.o
         0          0          0          0          0          0   entry7b.o
         0          0          0          0          0          0   entry8b.o
         8          4          0          0          0          0   entry9a.o
        30          0          0          0          0          0   handlers.o
        36          8          0          0          0         68   init.o

    ----------------------------------------------------------------------
      2818        344          4         36        104      21673   Library Totals
         8          0          0          0          0          0   (incl. Padding)

    ----------------------------------------------------------------------

      Code (inc. data)   RO Data    RW Data    ZI Data      Debug   Library Name

      2724        328          4         36        104      21605   RTX_CM1.LIB
        86         16          0          0          0         68   mc_p.l

    ----------------------------------------------------------------------
      2818        344          4         36        104      21673   Library Totals

    ----------------------------------------------------------------------

==============================================================================


      Code (inc. data)   RO Data    RW Data    ZI Data      Debug   

      3432        420        268         48       2272     130002   Grand Totals
      3432        420        268         48       2272     130002   ELF Image Totals
      3432        420        268         48          0          0   ROM Totals

==============================================================================

    Total RO  Size (Code + RO Data)                 3700 (   3.61kB)
    Total RW  Size (RW Data + ZI Data)              2320 (   2.27kB)
    Total ROM Size (Code + RO Data + RW Data)       3748 (   3.66kB)

==============================================================================

